<?xml version="1.0" encoding="utf-8"?>
<bom xmlns:xsi="http://www.w3.org/2001/XMLSchema-instance" xmlns:xsd="http://www.w3.org/2001/XMLSchema" serialNumber="urn:uuid:3e671687-395b-41f5-a30f-a58921a69b79" version="1" xmlns="http://cyclonedx.org/schema/bom/1.1">
  <components>
    <component type="library">
      <name>acme-example</name>
      <version>1.0.0</version>
      <hashes>
        <hash alg="MD5">641b6e166f8b33c5e959e2adcc18b1c7</hash>
        <hash alg="SHA-1">9188560f22e0b73070d2efce670c74af2bdf30af</hash>
        <hash alg="SHA-256">d88bc4e70bfb34d18b5542136639acbb26a8ae2429aa1e47489332fb389cc964</hash>
        <hash alg="SHA-512">74a51ff45e4c11df9ba1f0094282c80489649cb157a75fa337992d2d4592a5a1b8cb4525de8db0ae25233553924d76c36e093ea7fa9df4e5b8b07fd2e074efd6</hash>
        <hash alg="BLAKE2b-256">d8779633380c050bccf4e733b763ab2abd8ad2db60b517d47fd29bbf76433237</hash>
        <hash alg="BLAKE2b-384">e728ba56c2da995a559a178116c594e8bee4894a79ceb4399d8f479e5563cb1942b85936f646d14170717c576b14db7a</hash>
        <hash alg="BLAKE2b-512">f8ce8d612a6c85c96cf7cebc230f6ddef26e6cedcfbc4a41c766033cc08c6ba097d1470948226807fb2d88d2a2b6fc0ff5e5440e93a603086fdd568bafcd1a9d</hash>
      </hashes>
    </component>
  </components>
</bom>
